async_postgres/pg_auth.nim	DefaultMaxScramIterations
async_postgres/pg_auth.nim	ScramState
async_postgres/pg_auth.nim	ScramState.channelBindingData
async_postgres/pg_auth.nim	ScramState.clientFirstBare
async_postgres/pg_auth.nim	ScramState.clientNonce
async_postgres/pg_auth.nim	ScramState.gs2Header
async_postgres/pg_auth.nim	ScramState.serverSignature
async_postgres/pg_auth.nim	burnStr
async_postgres/pg_auth.nim	computeTlsServerEndpoint
async_postgres/pg_auth.nim	md5AuthHash
async_postgres/pg_auth.nim	oidRsaPss
async_postgres/pg_auth.nim	scramClientFinalMessage
async_postgres/pg_auth.nim	scramClientFirstMessage
async_postgres/pg_auth.nim	scramEscapeUsername
async_postgres/pg_auth.nim	scramVerifyServerFinal
async_postgres/pg_bearssl.nim	EncryptedKeyMsg
async_postgres/pg_bearssl.nim	TrustAnchorResult
async_postgres/pg_bearssl.nim	TrustAnchorResult.backing
async_postgres/pg_bearssl.nim	TrustAnchorResult.store
async_postgres/pg_bearssl.nim	X509CertCaptureContext
async_postgres/pg_bearssl.nim	X509CertCaptureContext.capturing
async_postgres/pg_bearssl.nim	X509CertCaptureContext.certDer
async_postgres/pg_bearssl.nim	X509CertCaptureContext.depth
async_postgres/pg_bearssl.nim	X509CertCaptureContext.inner
async_postgres/pg_bearssl.nim	X509CertCaptureContext.vtable
async_postgres/pg_bearssl.nim	installX509Capture
async_postgres/pg_bearssl.nim	loadCertificate
async_postgres/pg_bearssl.nim	loadPrivateKey
async_postgres/pg_bearssl.nim	parseTrustAnchors
async_postgres/pg_bearssl.nim	rebindX509Capture
async_postgres/pg_client/core.nim	StmtCacheInvalidatingStates
async_postgres/pg_client/core.nim	appendInlineParamUnchecked
async_postgres/pg_client/core.nim	cacheHitColFmts
async_postgres/pg_client/core.nim	copyBatchSize
async_postgres/pg_client/core.nim	deriveColFmts
async_postgres/pg_client/core.nim	execRecvLoop
async_postgres/pg_client/core.nim	extractParams
async_postgres/pg_client/core.nim	flattenInline
async_postgres/pg_client/core.nim	generatedPortalNameLen
async_postgres/pg_client/core.nim	generatedStmtNameLen
async_postgres/pg_client/core.nim	invalidateIfOidMismatch
async_postgres/pg_client/core.nim	invalidateIfOidMismatch#2
async_postgres/pg_client/core.nim	paramOidsMatch
async_postgres/pg_client/core.nim	paramOidsMatch#2
async_postgres/pg_client/core.nim	preflightResultFormatsLen
async_postgres/pg_client/core.nim	queryEachRecvLoop
async_postgres/pg_client/core.nim	queryRecvLoop
async_postgres/pg_client/core.nim	sendExtendedExec
async_postgres/pg_client/core.nim	sendExtendedQuery
async_postgres/pg_client/core.nim	toFormatCodes
async_postgres/pg_client/core.nim	validateEncodedParams
async_postgres/pg_client/core.nim	validateExtendedQuery
async_postgres/pg_client/core.nim	validateInlineParam
async_postgres/pg_client/core.nim	validateParamCount
async_postgres/pg_client/core.nim	validateParseMsg
async_postgres/pg_client/core.nim	validateRawBind
async_postgres/pg_client/core.nim	validateTypedParams
async_postgres/pg_client/direct.nim	execDirectImpl
async_postgres/pg_client/direct.nim	execDirectRunImpl
async_postgres/pg_client/direct.nim	queryDirectImpl
async_postgres/pg_client/direct.nim	queryDirectRunImpl
async_postgres/pg_client/exec.nim	execImpl
async_postgres/pg_client/exec.nim	execImpl#2
async_postgres/pg_client/exec.nim	execInlineImpl
async_postgres/pg_client/pipeline.nim	PipelineOp
async_postgres/pg_client/pipeline.nim	PipelineOpKind
async_postgres/pg_client/pipeline.nim	PipelineOpKind.pokExec
async_postgres/pg_client/pipeline.nim	PipelineOpKind.pokQuery
async_postgres/pg_client/prepared.nim	closeImpl
async_postgres/pg_client/prepared.nim	executeImpl
async_postgres/pg_client/prepared.nim	prepareImpl
async_postgres/pg_client/query.nim	queryEachImpl
async_postgres/pg_client/query.nim	queryImpl
async_postgres/pg_client/query.nim	queryImpl#2
async_postgres/pg_client/query.nim	queryInlineImpl
async_postgres/pg_client/transaction.nim	buildRetryDeadlineLoop
async_postgres/pg_client/transaction.nim	buildRetryTxLoop
async_postgres/pg_client/transaction.nim	buildRollbackCleanup
async_postgres/pg_client/transaction.nim	buildTxBeginAndTimeout
async_postgres/pg_client/transaction.nim	checkNoBodyEscape
async_postgres/pg_client/transaction.nim	checkNoBodyEscapePost
async_postgres/pg_client/transaction.nim	rollbackGrace
async_postgres/pg_client/transaction.nim	rollbackGraceMs
async_postgres/pg_connection/buffer_io.nim	DialStream
async_postgres/pg_connection/buffer_io.nim	DialStream#2
async_postgres/pg_connection/buffer_io.nim	Dialed
async_postgres/pg_connection/buffer_io.nim	Dialed#2
async_postgres/pg_connection/buffer_io.nim	RecvWatch
async_postgres/pg_connection/buffer_io.nim	cancel
async_postgres/pg_connection/buffer_io.nim	closeTransport
async_postgres/pg_connection/buffer_io.nim	compactRecvBuf
async_postgres/pg_connection/buffer_io.nim	configureKeepalive
async_postgres/pg_connection/buffer_io.nim	configureTcpNoDelay
async_postgres/pg_connection/buffer_io.nim	dialServer
async_postgres/pg_connection/buffer_io.nim	dialTargets
async_postgres/pg_connection/buffer_io.nim	dialTargets#2
async_postgres/pg_connection/buffer_io.nim	dispatchNotice
async_postgres/pg_connection/buffer_io.nim	dispatchNotification
async_postgres/pg_connection/buffer_io.nim	enqueueNotification
async_postgres/pg_connection/buffer_io.nim	fillRecvBuf
async_postgres/pg_connection/buffer_io.nim	fillRecvBufDetached
async_postgres/pg_connection/buffer_io.nim	nextMessage
async_postgres/pg_connection/buffer_io.nim	oneLine
async_postgres/pg_connection/buffer_io.nim	pending
async_postgres/pg_connection/buffer_io.nim	pumpUntilReady
async_postgres/pg_connection/buffer_io.nim	pumpUntilReady#2
async_postgres/pg_connection/buffer_io.nim	pumpUntilReady#3
async_postgres/pg_connection/buffer_io.nim	ready
async_postgres/pg_connection/buffer_io.nim	rearm
async_postgres/pg_connection/buffer_io.nim	reclaimHandoff
async_postgres/pg_connection/buffer_io.nim	recvMessage
async_postgres/pg_connection/buffer_io.nim	requeueHandoff
async_postgres/pg_connection/buffer_io.nim	resetWireState
async_postgres/pg_connection/buffer_io.nim	resolveTargets
async_postgres/pg_connection/buffer_io.nim	resolveTargets#2
async_postgres/pg_connection/buffer_io.nim	sendBufMsg
async_postgres/pg_connection/buffer_io.nim	sendMsg
async_postgres/pg_connection/buffer_io.nim	sendRawBytes
async_postgres/pg_connection/buffer_io.nim	sendRawData
async_postgres/pg_connection/buffer_io.nim	shown
async_postgres/pg_connection/buffer_io.nim	shown#2
async_postgres/pg_connection/buffer_io.nim	socketError
async_postgres/pg_connection/buffer_io.nim	startRecvWatch
async_postgres/pg_connection/buffer_io.nim	take
async_postgres/pg_connection/cache.nim	addStmtCache
async_postgres/pg_connection/cache.nim	beginSendBuf
async_postgres/pg_connection/cache.nim	clearStmtCache
async_postgres/pg_connection/cache.nim	evictForInsert
async_postgres/pg_connection/cache.nim	evictStmtCache
async_postgres/pg_connection/cache.nim	lookupStmtCache
async_postgres/pg_connection/cache.nim	nextStmtName
async_postgres/pg_connection/cache.nim	removeStmtCache
async_postgres/pg_connection/cache.nim	sendStagedBufMsg
async_postgres/pg_connection/cache.nim	sendStagedMsg
async_postgres/pg_connection/cache.nim	stageEvictedClose
async_postgres/pg_connection/cache.nim	stagePendingStmtCloses
async_postgres/pg_connection/cache.nim	stmtCachingEnabled
async_postgres/pg_connection/cache.nim	stmtNamePrefix
async_postgres/pg_connection/lifecycle.nim	closeImpl
async_postgres/pg_connection/lifecycle.nim	filterSaslByRequireAuth
async_postgres/pg_connection/lifecycle.nim	selectScramMechanism
async_postgres/pg_connection/notify.nim	listenPump
async_postgres/pg_connection/notify.nim	reconnectInPlace
async_postgres/pg_connection/notify.nim	startListening
async_postgres/pg_connection/simple_query.nim	awaitOrInvalidate
async_postgres/pg_connection/simple_query.nim	awaitVoidOrInvalidate
async_postgres/pg_connection/simple_query.nim	bytesToString
async_postgres/pg_connection/simple_query.nim	checkReady
async_postgres/pg_connection/simple_query.nim	checkTxIdle
async_postgres/pg_connection/simple_query.nim	invalidateOnCancel
async_postgres/pg_connection/simple_query.nim	retireOnTimeout
async_postgres/pg_connection/ssl.nim	negotiateSSL
async_postgres/pg_connection/ssl.nim	sniName
async_postgres/pg_connection/ssl.nim	validateDirectSslCompatible
async_postgres/pg_connection/types.nim	DefaultNotifyMaxQueue
async_postgres/pg_connection/types.nim	DefaultNotifyMaxQueueBytes
async_postgres/pg_connection/types.nim	DialTarget
async_postgres/pg_connection/types.nim	DialTarget#2
async_postgres/pg_connection/types.nim	DialTarget#3
async_postgres/pg_connection/types.nim	ForkFailureText
async_postgres/pg_connection/types.nim	PgClosedReason
async_postgres/pg_connection/types.nim	PgClosedReason.crClosed
async_postgres/pg_connection/types.nim	PgClosedReason.crClosedByUser
async_postgres/pg_connection/types.nim	PgClosedReason.crOpen
async_postgres/pg_connection/types.nim	RecvBufSize
async_postgres/pg_connection/types.nim	ReplWrite
async_postgres/pg_connection/types.nim	ReplWriteState
async_postgres/pg_connection/types.nim	ReplWriteState.rwFailed
async_postgres/pg_connection/types.nim	ReplWriteState.rwQueued
async_postgres/pg_connection/types.nim	ReplWriteState.rwWriting
async_postgres/pg_connection/types.nim	ReplWriteState.rwWritten
async_postgres/pg_connection/types.nim	TCP_KEEPALIVE
async_postgres/pg_connection/types.nim	TCP_KEEPCNT
async_postgres/pg_connection/types.nim	TCP_KEEPCNT#2
async_postgres/pg_connection/types.nim	TCP_KEEPIDLE
async_postgres/pg_connection/types.nim	TCP_KEEPINTVL
async_postgres/pg_connection/types.nim	TCP_KEEPINTVL#2
async_postgres/pg_connection/types.nim	checkBorrowable
async_postgres/pg_connection/types.nim	checkNotClosed
async_postgres/pg_connection/types.nim	clearStaged
async_postgres/pg_connection/types.nim	closedByUserMsg
async_postgres/pg_connection/types.nim	closedReason
async_postgres/pg_connection/types.nim	confirmReplFlushed
async_postgres/pg_connection/types.nim	copyServerError
async_postgres/pg_connection/types.nim	effectiveMaxMessageSize
async_postgres/pg_connection/types.nim	effectiveMaxScramIterations
async_postgres/pg_connection/types.nim	errorSeverity
async_postgres/pg_connection/types.nim	failNotifyWaiter
async_postgres/pg_connection/types.nim	fireAdvisoryUnlockFailed
async_postgres/pg_connection/types.nim	fireCleanupSkipped
async_postgres/pg_connection/types.nim	fireDeprecatedAuth
async_postgres/pg_connection/types.nim	fireInsecureAuth
async_postgres/pg_connection/types.nim	fireTransportCloseError
async_postgres/pg_connection/types.nim	initReplLsnTracking
async_postgres/pg_connection/types.nim	listenReconnectStopWaitMs
async_postgres/pg_connection/types.nim	markBusy
async_postgres/pg_connection/types.nim	markClosed
async_postgres/pg_connection/types.nim	markReady
async_postgres/pg_connection/types.nim	markStaged
async_postgres/pg_connection/types.nim	markState
async_postgres/pg_connection/types.nim	newClosedError
async_postgres/pg_connection/types.nim	newPgQueryError
async_postgres/pg_connection/types.nim	nextPortalName
async_postgres/pg_connection/types.nim	noteReplReported
async_postgres/pg_connection/types.nim	raiseClosedConnection
async_postgres/pg_connection/types.nim	raiseTransportFailure
async_postgres/pg_connection/types.nim	replConfirmedFlushLsn
async_postgres/pg_connection/types.nim	replMaxReceivedLsn
async_postgres/pg_connection/types.nim	replReported
async_postgres/pg_connection/types.nim	requireStaged
async_postgres/pg_connection/types.nim	sendBuf
async_postgres/pg_connection/types.nim	updateReplMaxReceivedLsn
async_postgres/pg_connection/types.nim	validateClientCertConfig
async_postgres/pg_connection/types.nim	validateTlsConfig
async_postgres/pg_connection/types.nim	warnStderr
async_postgres/pg_connection/types.nim	wireSettled
async_postgres/pg_pool.nim	buildReleaseAndReraise
async_postgres/pg_pool.nim	pendingAcquires
async_postgres/pg_pool.nim	poolConfig
async_postgres/pg_pool.nim	releaseReclaimed
async_postgres/pg_protocol.nim	addBindPayload
async_postgres/pg_protocol.nim	addInt64
async_postgres/pg_protocol.nim	bindLengthOverhead
async_postgres/pg_protocol.nim	calcBindMessageLength
async_postgres/pg_protocol.nim	calcParseMessageLength
async_postgres/pg_protocol.nim	calcStartupBudget
async_postgres/pg_protocol.nim	checkCopyDataLen
async_postgres/pg_protocol.nim	checkMsgLenBound64
async_postgres/pg_protocol.nim	checkMsgLenBoundCalls
async_postgres/pg_protocol.nim	checkNoNul
async_postgres/pg_protocol.nim	checkStartupBudget
async_postgres/pg_protocol.nim	closeLengthOverhead
async_postgres/pg_protocol.nim	decodeCString
async_postgres/pg_protocol.nim	decodeInt16
async_postgres/pg_protocol.nim	decodeInt32
async_postgres/pg_protocol.nim	decodeInt64
async_postgres/pg_protocol.nim	describeLengthOverhead
async_postgres/pg_protocol.nim	encodeInt16
async_postgres/pg_protocol.nim	encodeInt32
async_postgres/pg_protocol.nim	executeLengthOverhead
async_postgres/pg_protocol.nim	export pg_errors
async_postgres/pg_protocol.nim	outstandingReplies
async_postgres/pg_protocol.nim	parseLengthOverhead
async_postgres/pg_protocol.nim	patchLen
async_postgres/pg_protocol.nim	pgCopyBinaryHeader
async_postgres/pg_protocol.nim	pgCopyBinaryTrailer
async_postgres/pg_protocol.nim	preflightBindCounts
async_postgres/pg_protocol.nim	startupDatabaseKey
async_postgres/pg_protocol.nim	startupFixedBytes
async_postgres/pg_protocol.nim	startupParamBytes
async_postgres/pg_protocol.nim	startupUserKey
async_postgres/pg_protocol.nim	withAtomicMessage
async_postgres/pg_saslprep.nim	saslprep
async_postgres/pg_types/accessors.nim	nameAccessor
async_postgres/pg_types/accessors.nim	optAccessor
async_postgres/pg_types/core.nim	PgIntParse
async_postgres/pg_types/core.nim	PgIntParse.pipInvalid
async_postgres/pg_types/core.nim	PgIntParse.pipOk
async_postgres/pg_types/core.nim	PgIntParse.pipOverflow
async_postgres/pg_types/core.nim	checkPgTimeFields
async_postgres/pg_types/core.nim	checkPgTimeTzOffset
async_postgres/pg_types/core.nim	isPgHexText
async_postgres/pg_types/core.nim	isPgIntText
async_postgres/pg_types/core.nim	isPgUIntText
async_postgres/pg_types/core.nim	parsePgBoolText
async_postgres/pg_types/core.nim	pgParseBiggestInt
async_postgres/pg_types/core.nim	pgParseBiggestIntView
async_postgres/pg_types/core.nim	pgParseFloat
async_postgres/pg_types/core.nim	pgParseFloat32
async_postgres/pg_types/core.nim	pgParseHexInt
async_postgres/pg_types/core.nim	pgParseHexUInt32
async_postgres/pg_types/core.nim	pgParseInt
async_postgres/pg_types/core.nim	pgParseInt16
async_postgres/pg_types/core.nim	pgParseInt32
async_postgres/pg_types/core.nim	pgParseIntView
async_postgres/pg_types/core.nim	pgParseUIntField
async_postgres/pg_types/core.nim	pgTypeErrorOnValueError
async_postgres/pg_types/decoding.nim	decodeBinaryArray
async_postgres/pg_types/decoding.nim	decodeBinaryComposite
async_postgres/pg_types/decoding.nim	decodeBinaryDate
async_postgres/pg_types/decoding.nim	decodeBinaryTime
async_postgres/pg_types/decoding.nim	decodeBinaryTimeTz
async_postgres/pg_types/decoding.nim	decodeBinaryTimestamp
async_postgres/pg_types/decoding.nim	decodeBinaryTsQuery
async_postgres/pg_types/decoding.nim	decodeBinaryTsVector
async_postgres/pg_types/decoding.nim	decodeHstoreBinary
async_postgres/pg_types/decoding.nim	decodeInetBinary
async_postgres/pg_types/decoding.nim	decodeNumericBinary
async_postgres/pg_types/decoding.nim	decodePointBinary
async_postgres/pg_types/decoding.nim	export array
async_postgres/pg_types/decoding.nim	export pg_bytes
async_postgres/pg_types/decoding.nim	rejectMultiDim
async_postgres/pg_types/encoding.nim	addBind
async_postgres/pg_types/encoding.nim	addParse
async_postgres/pg_types/encoding.nim	checkArrayLen
async_postgres/pg_types/encoding.nim	checkPgBinLen
async_postgres/pg_types/encoding.nim	checkPgBinPayload
async_postgres/pg_types/encoding.nim	decodeByteaEscape
async_postgres/pg_types/encoding.nim	decodeHexPair
async_postgres/pg_types/encoding.nim	decodeHexPair#2
async_postgres/pg_types/encoding.nim	dimsFor1D
async_postgres/pg_types/encoding.nim	encodeHstoreBinary
async_postgres/pg_types/encoding.nim	encodeInetBinary
async_postgres/pg_types/encoding.nim	encodeJsonbBinary
async_postgres/pg_types/encoding.nim	encodeNumericBinary
async_postgres/pg_types/encoding.nim	encodePgArrayElement
async_postgres/pg_types/encoding.nim	encodePgArrayElement#10
async_postgres/pg_types/encoding.nim	encodePgArrayElement#11
async_postgres/pg_types/encoding.nim	encodePgArrayElement#12
async_postgres/pg_types/encoding.nim	encodePgArrayElement#13
async_postgres/pg_types/encoding.nim	encodePgArrayElement#14
async_postgres/pg_types/encoding.nim	encodePgArrayElement#15
async_postgres/pg_types/encoding.nim	encodePgArrayElement#16
async_postgres/pg_types/encoding.nim	encodePgArrayElement#17
async_postgres/pg_types/encoding.nim	encodePgArrayElement#18
async_postgres/pg_types/encoding.nim	encodePgArrayElement#19
async_postgres/pg_types/encoding.nim	encodePgArrayElement#2
async_postgres/pg_types/encoding.nim	encodePgArrayElement#20
async_postgres/pg_types/encoding.nim	encodePgArrayElement#21
async_postgres/pg_types/encoding.nim	encodePgArrayElement#22
async_postgres/pg_types/encoding.nim	encodePgArrayElement#23
async_postgres/pg_types/encoding.nim	encodePgArrayElement#24
async_postgres/pg_types/encoding.nim	encodePgArrayElement#25
async_postgres/pg_types/encoding.nim	encodePgArrayElement#26
async_postgres/pg_types/encoding.nim	encodePgArrayElement#3
async_postgres/pg_types/encoding.nim	encodePgArrayElement#4
async_postgres/pg_types/encoding.nim	encodePgArrayElement#5
async_postgres/pg_types/encoding.nim	encodePgArrayElement#6
async_postgres/pg_types/encoding.nim	encodePgArrayElement#7
async_postgres/pg_types/encoding.nim	encodePgArrayElement#8
async_postgres/pg_types/encoding.nim	encodePgArrayElement#9
async_postgres/pg_types/encoding.nim	encodePointBinary
async_postgres/pg_types/encoding.nim	export array
async_postgres/pg_types/encoding.nim	export pg_bytes
async_postgres/pg_types/encoding.nim	hexNibble
async_postgres/pg_types/encoding.nim	paramValueLen
async_postgres/pg_types/encoding.nim	paramValueLen#10
async_postgres/pg_types/encoding.nim	paramValueLen#2
async_postgres/pg_types/encoding.nim	paramValueLen#3
async_postgres/pg_types/encoding.nim	paramValueLen#4
async_postgres/pg_types/encoding.nim	paramValueLen#5
async_postgres/pg_types/encoding.nim	paramValueLen#6
async_postgres/pg_types/encoding.nim	paramValueLen#7
async_postgres/pg_types/encoding.nim	paramValueLen#8
async_postgres/pg_types/encoding.nim	paramValueLen#9
async_postgres/pg_types/encoding.nim	paramValueLenBound
async_postgres/pg_types/encoding.nim	paramValueLenBound#2
async_postgres/pg_types/encoding.nim	pgArrayArrayOid
async_postgres/pg_types/encoding.nim	pgArrayArrayOid#10
async_postgres/pg_types/encoding.nim	pgArrayArrayOid#11
async_postgres/pg_types/encoding.nim	pgArrayArrayOid#12
async_postgres/pg_types/encoding.nim	pgArrayArrayOid#13
async_postgres/pg_types/encoding.nim	pgArrayArrayOid#14
async_postgres/pg_types/encoding.nim	pgArrayArrayOid#15
async_postgres/pg_types/encoding.nim	pgArrayArrayOid#16
async_postgres/pg_types/encoding.nim	pgArrayArrayOid#17
async_postgres/pg_types/encoding.nim	pgArrayArrayOid#18
async_postgres/pg_types/encoding.nim	pgArrayArrayOid#19
async_postgres/pg_types/encoding.nim	pgArrayArrayOid#2
async_postgres/pg_types/encoding.nim	pgArrayArrayOid#20
async_postgres/pg_types/encoding.nim	pgArrayArrayOid#21
async_postgres/pg_types/encoding.nim	pgArrayArrayOid#22
async_postgres/pg_types/encoding.nim	pgArrayArrayOid#23
async_postgres/pg_types/encoding.nim	pgArrayArrayOid#24
async_postgres/pg_types/encoding.nim	pgArrayArrayOid#25
async_postgres/pg_types/encoding.nim	pgArrayArrayOid#26
async_postgres/pg_types/encoding.nim	pgArrayArrayOid#3
async_postgres/pg_types/encoding.nim	pgArrayArrayOid#4
async_postgres/pg_types/encoding.nim	pgArrayArrayOid#5
async_postgres/pg_types/encoding.nim	pgArrayArrayOid#6
async_postgres/pg_types/encoding.nim	pgArrayArrayOid#7
async_postgres/pg_types/encoding.nim	pgArrayArrayOid#8
async_postgres/pg_types/encoding.nim	pgArrayArrayOid#9
async_postgres/pg_types/encoding.nim	pgArrayElemOid
async_postgres/pg_types/encoding.nim	pgArrayElemOid#10
async_postgres/pg_types/encoding.nim	pgArrayElemOid#11
async_postgres/pg_types/encoding.nim	pgArrayElemOid#12
async_postgres/pg_types/encoding.nim	pgArrayElemOid#13
async_postgres/pg_types/encoding.nim	pgArrayElemOid#14
async_postgres/pg_types/encoding.nim	pgArrayElemOid#15
async_postgres/pg_types/encoding.nim	pgArrayElemOid#16
async_postgres/pg_types/encoding.nim	pgArrayElemOid#17
async_postgres/pg_types/encoding.nim	pgArrayElemOid#18
async_postgres/pg_types/encoding.nim	pgArrayElemOid#19
async_postgres/pg_types/encoding.nim	pgArrayElemOid#2
async_postgres/pg_types/encoding.nim	pgArrayElemOid#20
async_postgres/pg_types/encoding.nim	pgArrayElemOid#21
async_postgres/pg_types/encoding.nim	pgArrayElemOid#22
async_postgres/pg_types/encoding.nim	pgArrayElemOid#23
async_postgres/pg_types/encoding.nim	pgArrayElemOid#24
async_postgres/pg_types/encoding.nim	pgArrayElemOid#25
async_postgres/pg_types/encoding.nim	pgArrayElemOid#26
async_postgres/pg_types/encoding.nim	pgArrayElemOid#27
async_postgres/pg_types/encoding.nim	pgArrayElemOid#3
async_postgres/pg_types/encoding.nim	pgArrayElemOid#4
async_postgres/pg_types/encoding.nim	pgArrayElemOid#5
async_postgres/pg_types/encoding.nim	pgArrayElemOid#6
async_postgres/pg_types/encoding.nim	pgArrayElemOid#7
async_postgres/pg_types/encoding.nim	pgArrayElemOid#8
async_postgres/pg_types/encoding.nim	pgArrayElemOid#9
async_postgres/pg_types/encoding.nim	pgDateDays
async_postgres/pg_types/encoding.nim	pgTimestampMicros
async_postgres/pg_types/encoding.nim	pgTimestampMicros#2
async_postgres/pg_types/encoding.nim	writePointAt
